<?xml version="1.0" encoding="utf-8"?><testsuites><testsuite name="pytest" errors="0" failures="0" skipped="0" tests="56" time="2.374" timestamp="2026-03-26T20:35:51.830908" hostname="5f442064a7f4"><testcase classname="tests.test_auth.TestLogin" name="test_valid_admin_login_returns_token" time="0.220" /><testcase classname="tests.test_auth.TestLogin" name="test_valid_viewer_login_returns_token" time="0.213" /><testcase classname="tests.test_auth.TestLogin" name="test_wrong_password_returns_401" time="0.246" /><testcase classname="tests.test_auth.TestLogin" name="test_unknown_user_returns_401" time="0.003" /><testcase classname="tests.test_auth.TestLogin" name="test_missing_credentials_returns_422" time="0.002" /><testcase classname="tests.test_auth.TestProtectedRoutes" name="test_no_token_returns_401" time="0.003" /><testcase classname="tests.test_auth.TestProtectedRoutes" name="test_invalid_token_returns_401" time="0.003" /><testcase classname="tests.test_auth.TestProtectedRoutes" name="test_malformed_auth_header_returns_401" time="0.002" /><testcase classname="tests.test_auth.TestProtectedRoutes" name="test_valid_token_grants_access" time="0.233" /><testcase classname="tests.test_auth.TestProtectedRoutes" name="test_me_endpoint_returns_correct_user" time="0.003" /><testcase classname="tests.test_auth.TestProtectedRoutes" name="test_viewer_cannot_create_supplier" time="0.217" /><testcase classname="tests.test_items.TestItemCRUD" name="test_create_item_returns_201" time="0.037" /><testcase classname="tests.test_items.TestItemCRUD" name="test_create_item_response_schema" time="0.020" /><testcase classname="tests.test_items.TestItemCRUD" name="test_get_item_by_id" time="0.022" /><testcase classname="tests.test_items.TestItemCRUD" name="test_get_nonexistent_item_returns_404" time="0.003" /><testcase classname="tests.test_items.TestItemCRUD" name="test_list_items_returns_list" time="0.003" /><testcase classname="tests.test_items.TestItemCRUD" name="test_update_item_price" time="0.026" /><testcase classname="tests.test_items.TestItemCRUD" name="test_delete_item" time="0.020" /><testcase classname="tests.test_items.TestItemBusinessRules" name="test_negative_price_returns_422" time="0.013" /><testcase classname="tests.test_items.TestItemBusinessRules" name="test_zero_price_returns_422" time="0.012" /><testcase classname="tests.test_items.TestItemBusinessRules" name="test_duplicate_sku_returns_409" time="0.023" /><testcase classname="tests.test_items.TestItemBusinessRules" name="test_item_with_unknown_supplier_returns_404" time="0.003" /><testcase classname="tests.test_items.TestItemBusinessRules" name="test_viewer_cannot_create_item" time="0.005" /><testcase classname="tests.test_orders.TestOrderCRUD" name="test_create_order_returns_201" time="0.039" /><testcase classname="tests.test_orders.TestOrderCRUD" name="test_order_total_is_calculated_correctly" time="0.035" /><testcase classname="tests.test_orders.TestOrderCRUD" name="test_order_total_multi_line" time="0.046" /><testcase classname="tests.test_orders.TestOrderCRUD" name="test_order_response_schema" time="0.043" /><testcase classname="tests.test_orders.TestOrderCRUD" name="test_get_order_by_id" time="0.038" /><testcase classname="tests.test_orders.TestOrderCRUD" name="test_get_nonexistent_order_returns_404" time="0.003" /><testcase classname="tests.test_orders.TestOrderCRUD" name="test_list_orders_returns_list" time="0.003" /><testcase classname="tests.test_orders.TestOrderStatusTransitions" name="test_pending_to_approved" time="0.040" /><testcase classname="tests.test_orders.TestOrderStatusTransitions" name="test_approved_to_shipped" time="0.046" /><testcase classname="tests.test_orders.TestOrderStatusTransitions" name="test_shipped_to_delivered" time="0.050" /><testcase classname="tests.test_orders.TestOrderStatusTransitions" name="test_pending_to_cancelled" time="0.038" /><testcase classname="tests.test_orders.TestOrderStatusTransitions" name="test_invalid_transition_returns_422" time="0.037" /><testcase classname="tests.test_orders.TestOrderStatusTransitions" name="test_delivered_order_cannot_be_changed" time="0.053" /><testcase classname="tests.test_orders.TestOrderBusinessRules" name="test_item_from_wrong_supplier_returns_422" time="0.034" /><testcase classname="tests.test_orders.TestOrderBusinessRules" name="test_zero_quantity_returns_422" time="0.023" /><testcase classname="tests.test_orders.TestOrderBusinessRules" name="test_cannot_delete_approved_order" time="0.048" /><testcase classname="tests.test_suppliers.TestSupplierCRUD" name="test_create_supplier_returns_201" time="0.011" /><testcase classname="tests.test_suppliers.TestSupplierCRUD" name="test_create_supplier_response_schema" time="0.013" /><testcase classname="tests.test_suppliers.TestSupplierCRUD" name="test_get_supplier_by_id" time="0.013" /><testcase classname="tests.test_suppliers.TestSupplierCRUD" name="test_get_nonexistent_supplier_returns_404" time="0.003" /><testcase classname="tests.test_suppliers.TestSupplierCRUD" name="test_list_suppliers_returns_list" time="0.013" /><testcase classname="tests.test_suppliers.TestSupplierCRUD" name="test_update_supplier_country" time="0.016" /><testcase classname="tests.test_suppliers.TestSupplierCRUD" name="test_update_nonexistent_supplier_returns_404" time="0.003" /><testcase classname="tests.test_suppliers.TestSupplierCRUD" name="test_delete_supplier" time="0.010" /><testcase classname="tests.test_suppliers.TestSupplierCRUD" name="test_delete_nonexistent_supplier_returns_404" time="0.003" /><testcase classname="tests.test_suppliers.TestSupplierBusinessRules" name="test_duplicate_email_returns_409" time="0.014" /><testcase classname="tests.test_suppliers.TestSupplierBusinessRules" name="test_missing_required_fields_returns_422" time="0.003" /><testcase classname="tests.test_suppliers.TestSupplierBusinessRules" name="test_invalid_email_format_returns_422" time="0.003" /><testcase classname="tests.test_suppliers.TestSupplierBusinessRules" name="test_cannot_delete_supplier_with_active_order" time="0.039" /><testcase classname="tests.test_workflows.TestProcurementWorkflow" name="test_full_order_lifecycle" time="0.070" /><testcase classname="tests.test_workflows.TestProcurementWorkflow" name="test_supplier_deactivation_does_not_affect_existing_orders" time="0.044" /><testcase classname="tests.test_workflows.TestProcurementWorkflow" name="test_cross_supplier_order_is_rejected" time="0.033" /><testcase classname="tests.test_workflows.TestProcurementWorkflow" name="test_viewer_can_read_but_not_modify" time="0.058" /></testsuite></testsuites>